{
    "ast": null,
    "symbolTable": {
        "constants": [],
        "variables": [],
        "subFunc": []
    },
    "error": [
        {
            "code": "B-01",
            "info": {
                "line": 5,
                "value": "=",
                "lexpos": 121
            }
        },
        {
            "code": "A-02",
            "info": {
                "line": 11,
                "value": "!",
                "lexpos": 201
            }
        },
        {
            "code": "A-02",
            "info": {
                "line": 12,
                "value": "~",
                "lexpos": 205
            }
        }
    ],
    "warning": []
}