{
    "ast": null,
    "symbolTable": {
        "constants": [],
        "variables": [],
        "subFunc": []
    },
    "error": [
        {
            "code": "B-01",
            "info": {
                "line": 7,
                "value": [
                    "="
                ],
                "lexpos": 121
            }
        }
    ],
    "warning": []
}