{
    "ast": {
        "length": 5,
        "type": "programstruct",
        "program_head": {
            "length": 6,
            "type": "program_head",
            "ID": "example",
            "idlist": {
                "length": 4,
                "type": "idlist",
                "ids": [
                    "input",
                    "output"
                ]
            }
        },
        "program_body": {
            "length": 5,
            "type": "program_body",
            "const_declarations": null,
            "var_declarations": {
                "length": 4,
                "type": "var_declarations",
                "var_declaration": {
                    "length": 4,
                    "id": 0,
                    "type": "var_declaration",
                    "values": [
                        {
                            "idlist": {
                                "length": 4,
                                "type": "idlist",
                                "ids": [
                                    "x",
                                    "y"
                                ]
                            },
                            "type": {
                                "length": 2,
                                "type": "type",
                                "_type": {
                                    "type": "basic_type",
                                    "_type": "INTEGER"
                                }
                            }
                        }
                    ]
                }
            },
            "subprogram_declarations": {
                "length": 4,
                "type": "subprogram_declarations",
                "subprograms": [
                    {
                        "length": 4,
                        "id": 4,
                        "type": "subprogram",
                        "subprogram_head": {
                            "length": 7,
                            "type": "subprogram_head",
                            "_type": "FUNCTION",
                            "ID": "gcd",
                            "formal_parameter": {
                                "length": 4,
                                "type": "formal_parameter",
                                "parameter_list": {
                                    "length": 2,
                                    "type": "parameter_list",
                                    "parameters": [
                                        {
                                            "length": 2,
                                            "type": "parameter",
                                            "value": {
                                                "length": 4,
                                                "type": "value_parameter",
                                                "idlist": {
                                                    "length": 4,
                                                    "type": "idlist",
                                                    "ids": [
                                                        "a",
                                                        "b"
                                                    ]
                                                },
                                                "basic_type": {
                                                    "type": "basic_type",
                                                    "_type": "INTEGER"
                                                }
                                            }
                                        }
                                    ]
                                }
                            },
                            "basic_type": {
                                "type": "basic_type",
                                "_type": "INTEGER"
                            }
                        },
                        "subprogram_body": {
                            "length": 4,
                            "type": "subprogram_body",
                            "const_declarations": null,
                            "var_declarations": null,
                            "compound_statement": {
                                "length": 4,
                                "type": "compound_statement",
                                "statement_list": {
                                    "length": 2,
                                    "type": "statement_list",
                                    "statements": [
                                        {
                                            "length": 6,
                                            "type": "statement",
                                            "_type": "IF",
                                            "expression": {
                                                "length": 4,
                                                "type": "expression",
                                                "simple_expression_1": {
                                                    "length": 2,
                                                    "type": "simple_expression",
                                                    "__type": "INTEGER",
                                                    "term": {
                                                        "length": 2,
                                                        "type": "term",
                                                        "__type": "INTEGER",
                                                        "factor": {
                                                            "length": 2,
                                                            "type": "factor",
                                                            "_type": "variable",
                                                            "__type": "INTEGER",
                                                            "variable": {
                                                                "length": 3,
                                                                "type": "variable",
                                                                "__type": "INTEGER",
                                                                "ID": "b",
                                                                "id_varpart": null
                                                            }
                                                        }
                                                    }
                                                },
                                                "RELOP": "=",
                                                "simple_expression_2": {
                                                    "length": 2,
                                                    "type": "simple_expression",
                                                    "__type": "INTEGER",
                                                    "term": {
                                                        "length": 2,
                                                        "type": "term",
                                                        "__type": "INTEGER",
                                                        "factor": {
                                                            "length": 2,
                                                            "type": "factor",
                                                            "_type": "NUM",
                                                            "__type": "INTEGER",
                                                            "NUM": 0
                                                        }
                                                    }
                                                }
                                            },
                                            "statement": {
                                                "length": 4,
                                                "type": "statement",
                                                "_type": "variable",
                                                "variable": {
                                                    "length": 3,
                                                    "type": "variable",
                                                    "__type": "INTEGER",
                                                    "ID": "gcd",
                                                    "id_varpart": null
                                                },
                                                "ASSIGNOP": ":=",
                                                "expression": {
                                                    "length": 2,
                                                    "type": "expression",
                                                    "__type": "INTEGER",
                                                    "simple_expression": {
                                                        "length": 2,
                                                        "type": "simple_expression",
                                                        "__type": "INTEGER",
                                                        "term": {
                                                            "length": 2,
                                                            "type": "term",
                                                            "__type": "INTEGER",
                                                            "factor": {
                                                                "length": 2,
                                                                "type": "factor",
                                                                "_type": "variable",
                                                                "__type": "INTEGER",
                                                                "variable": {
                                                                    "length": 3,
                                                                    "type": "variable",
                                                                    "__type": "INTEGER",
                                                                    "ID": "a",
                                                                    "id_varpart": null
                                                                }
                                                            }
                                                        }
                                                    }
                                                }
                                            },
                                            "else_part": {
                                                "length": 3,
                                                "type": "else_part",
                                                "statement": {
                                                    "length": 4,
                                                    "type": "statement",
                                                    "_type": "variable",
                                                    "variable": {
                                                        "length": 3,
                                                        "type": "variable",
                                                        "__type": "INTEGER",
                                                        "ID": "gcd",
                                                        "id_varpart": null
                                                    },
                                                    "ASSIGNOP": ":=",
                                                    "expression": {
                                                        "length": 2,
                                                        "type": "expression",
                                                        "__type": "INTEGER",
                                                        "simple_expression": {
                                                            "length": 2,
                                                            "type": "simple_expression",
                                                            "__type": "INTEGER",
                                                            "term": {
                                                                "length": 2,
                                                                "type": "term",
                                                                "__type": "INTEGER",
                                                                "factor": {
                                                                    "length": 5,
                                                                    "type": "factor",
                                                                    "_type": "procedure_id",
                                                                    "__type": "INTEGER",
                                                                    "ID": "gcd",
                                                                    "expression_list": {
                                                                        "length": 4,
                                                                        "type": "expression_list",
                                                                        "__type": [
                                                                            "INTEGER",
                                                                            "INTEGER"
                                                                        ],
                                                                        "expressions": [
                                                                            {
                                                                                "length": 2,
                                                                                "type": "expression",
                                                                                "__type": "INTEGER",
                                                                                "simple_expression": {
                                                                                    "length": 2,
                                                                                    "type": "simple_expression",
                                                                                    "__type": "INTEGER",
                                                                                    "term": {
                                                                                        "length": 2,
                                                                                        "type": "term",
                                                                                        "__type": "INTEGER",
                                                                                        "factor": {
                                                                                            "length": 2,
                                                                                            "type": "factor",
                                                                                            "_type": "variable",
                                                                                            "__type": "INTEGER",
                                                                                            "variable": {
                                                                                                "length": 3,
                                                                                                "type": "variable",
                                                                                                "__type": "INTEGER",
                                                                                                "ID": "b",
                                                                                                "id_varpart": null
                                                                                            }
                                                                                        }
                                                                                    }
                                                                                }
                                                                            },
                                                                            {
                                                                                "length": 2,
                                                                                "type": "expression",
                                                                                "__type": "INTEGER",
                                                                                "simple_expression": {
                                                                                    "length": 2,
                                                                                    "type": "simple_expression",
                                                                                    "__type": "INTEGER",
                                                                                    "term": {
                                                                                        "length": 4,
                                                                                        "type": "term",
                                                                                        "term": {
                                                                                            "length": 2,
                                                                                            "type": "term",
                                                                                            "__type": "INTEGER",
                                                                                            "factor": {
                                                                                                "length": 2,
                                                                                                "type": "factor",
                                                                                                "_type": "variable",
                                                                                                "__type": "INTEGER",
                                                                                                "variable": {
                                                                                                    "length": 3,
                                                                                                    "type": "variable",
                                                                                                    "__type": "INTEGER",
                                                                                                    "ID": "a",
                                                                                                    "id_varpart": null
                                                                                                }
                                                                                            }
                                                                                        },
                                                                                        "MULOP": "Mod",
                                                                                        "factor": {
                                                                                            "length": 2,
                                                                                            "type": "factor",
                                                                                            "_type": "variable",
                                                                                            "__type": "INTEGER",
                                                                                            "variable": {
                                                                                                "length": 3,
                                                                                                "type": "variable",
                                                                                                "__type": "INTEGER",
                                                                                                "ID": "b",
                                                                                                "id_varpart": null
                                                                                            }
                                                                                        },
                                                                                        "__type": "INTEGER"
                                                                                    }
                                                                                }
                                                                            }
                                                                        ]
                                                                    }
                                                                }
                                                            }
                                                        }
                                                    }
                                                }
                                            }
                                        }
                                    ]
                                }
                            }
                        }
                    }
                ]
            },
            "compound_statement": {
                "length": 4,
                "type": "compound_statement",
                "statement_list": {
                    "length": 4,
                    "type": "statement_list",
                    "statements": [
                        {
                            "length": 5,
                            "type": "statement",
                            "_type": "READ",
                            "variable_list": {
                                "length": 4,
                                "type": "variable_list",
                                "variables": [
                                    {
                                        "length": 3,
                                        "type": "variable",
                                        "__type": "INTEGER",
                                        "ID": "x",
                                        "id_varpart": null
                                    },
                                    {
                                        "length": 3,
                                        "type": "variable",
                                        "__type": "INTEGER",
                                        "ID": "y",
                                        "id_varpart": null
                                    }
                                ]
                            }
                        },
                        {
                            "length": 5,
                            "type": "statement",
                            "_type": "WRITE",
                            "expression_list": {
                                "length": 2,
                                "type": "expression_list",
                                "__type": [
                                    "INTEGER"
                                ],
                                "expressions": [
                                    {
                                        "length": 2,
                                        "type": "expression",
                                        "__type": "INTEGER",
                                        "simple_expression": {
                                            "length": 2,
                                            "type": "simple_expression",
                                            "__type": "INTEGER",
                                            "term": {
                                                "length": 2,
                                                "type": "term",
                                                "__type": "INTEGER",
                                                "factor": {
                                                    "length": 5,
                                                    "type": "factor",
                                                    "_type": "procedure_id",
                                                    "__type": "INTEGER",
                                                    "ID": "gcd",
                                                    "expression_list": {
                                                        "length": 4,
                                                        "type": "expression_list",
                                                        "__type": [
                                                            "INTEGER",
                                                            "INTEGER"
                                                        ],
                                                        "expressions": [
                                                            {
                                                                "length": 2,
                                                                "type": "expression",
                                                                "__type": "INTEGER",
                                                                "simple_expression": {
                                                                    "length": 2,
                                                                    "type": "simple_expression",
                                                                    "__type": "INTEGER",
                                                                    "term": {
                                                                        "length": 2,
                                                                        "type": "term",
                                                                        "__type": "INTEGER",
                                                                        "factor": {
                                                                            "length": 2,
                                                                            "type": "factor",
                                                                            "_type": "variable",
                                                                            "__type": "INTEGER",
                                                                            "variable": {
                                                                                "length": 3,
                                                                                "type": "variable",
                                                                                "__type": "INTEGER",
                                                                                "ID": "x",
                                                                                "id_varpart": null
                                                                            }
                                                                        }
                                                                    }
                                                                }
                                                            },
                                                            {
                                                                "length": 2,
                                                                "type": "expression",
                                                                "__type": "INTEGER",
                                                                "simple_expression": {
                                                                    "length": 2,
                                                                    "type": "simple_expression",
                                                                    "__type": "INTEGER",
                                                                    "term": {
                                                                        "length": 2,
                                                                        "type": "term",
                                                                        "__type": "INTEGER",
                                                                        "factor": {
                                                                            "length": 2,
                                                                            "type": "factor",
                                                                            "_type": "variable",
                                                                            "__type": "INTEGER",
                                                                            "variable": {
                                                                                "length": 3,
                                                                                "type": "variable",
                                                                                "__type": "INTEGER",
                                                                                "ID": "y",
                                                                                "id_varpart": null
                                                                            }
                                                                        }
                                                                    }
                                                                }
                                                            }
                                                        ]
                                                    }
                                                }
                                            }
                                        }
                                    }
                                ]
                            }
                        }
                    ]
                }
            }
        }
    },
    "symbolTable": {
        "constants": [],
        "variables": [
            {
                "id": 0,
                "token": "x",
                "type": "INTEGER",
                "isArray": false,
                "dimension": 0,
                "size": [],
                "start": [],
                "recordTable": null
            },
            {
                "id": 1,
                "token": "y",
                "type": "INTEGER",
                "isArray": false,
                "dimension": 0,
                "size": [],
                "start": [],
                "recordTable": null
            }
        ],
        "subFunc": [
            {
                "id": 4,
                "token": "gcd",
                "type": "INTEGER",
                "table": {
                    "params": 2,
                    "references": [
                        false,
                        false
                    ],
                    "constants": [],
                    "variables": [
                        {
                            "id": 2,
                            "token": "a",
                            "type": "INTEGER",
                            "isArray": false,
                            "dimension": 0,
                            "size": [],
                            "start": [],
                            "recordType": null
                        },
                        {
                            "id": 3,
                            "token": "b",
                            "type": "INTEGER",
                            "isArray": false,
                            "dimension": 0,
                            "size": [],
                            "start": [],
                            "recordType": null
                        }
                    ]
                }
            }
        ]
    },
    "error": [],
    "warning": []
}