{
    "ast": null,
    "symbolTable": {
        "constants": [],
        "variables": [],
        "subFunc": []
    },
    "error": [
        {
            "code": "B-01",
            "info": {
                "line": 6,
                "value": "array",
                "lexpos": 86
            }
        }
    ],
    "warning": [],
    "code": "#include<stdio.h>\n#include<stdbool.h>\n\n/* Error,  Parser gives no AST. */"
}